V3 23
FL "C:/Program Files/modeltech_6.5/examples/Tamrin/CPU_Simple_8bit/CPU_Simple_8bit_CR.vhd" 2009/12/19.14:10:17 L.33
EN work/CPU_Simple_8bit_CR_Ent 1261640947 \
      FL "C:/Program Files/modeltech_6.5/examples/Tamrin/CPU_Simple_8bit/CPU_Simple_8bit_CR.vhd" \
      PB ieee/std_logic_1164 1236108447 PB ieee/STD_LOGIC_UNSIGNED 1236108449
AR work/CPU_Simple_8bit_CR_Ent/CPU_Simple_8bit_CR_Arch 1261640948 \
      FL "C:/Program Files/modeltech_6.5/examples/Tamrin/CPU_Simple_8bit/CPU_Simple_8bit_CR.vhd" \
      EN work/CPU_Simple_8bit_CR_Ent 1261640947
FL "C:/Program Files/modeltech_6.5/examples/Tamrin/CPU_Simple_8bit/CPU_Simple_8bit_DP.vhd" 2009/12/19.01:16:49 L.33
EN work/CPU_Simple_8bit_DP_Ent 1261640949 \
      FL "C:/Program Files/modeltech_6.5/examples/Tamrin/CPU_Simple_8bit/CPU_Simple_8bit_DP.vhd" \
      PB ieee/std_logic_1164 1236108447 PB ieee/STD_LOGIC_UNSIGNED 1236108449
AR work/CPU_Simple_8bit_DP_Ent/CPU_Simple_8bit_DP_Arch 1261640950 \
      FL "C:/Program Files/modeltech_6.5/examples/Tamrin/CPU_Simple_8bit/CPU_Simple_8bit_DP.vhd" \
      EN work/CPU_Simple_8bit_DP_Ent 1261640949 CP Register_4bit_MD_Ent \
      CP Rom_16x8bit_MD_Ent
FL "C:/Program Files/modeltech_6.5/examples/Tamrin/CPU_Simple_8bit/CPU_Simple_8bit_TB.vhd" 2009/12/19.16:00:46 L.33
EN work/CPU_Simple_8bit_TB_Ent 1261640776 \
      FL "C:/Program Files/modeltech_6.5/examples/Tamrin/CPU_Simple_8bit/CPU_Simple_8bit_TB.vhd" \
      PB ieee/std_logic_1164 1236108447 PB ieee/STD_LOGIC_UNSIGNED 1236108449 \
      PB ieee/NUMERIC_STD 1236108448
AR work/CPU_Simple_8bit_TB_Ent/CPU_Simple_8bit_TB_Arch 1261640777 \
      FL "C:/Program Files/modeltech_6.5/examples/Tamrin/CPU_Simple_8bit/CPU_Simple_8bit_TB.vhd" \
      EN work/CPU_Simple_8bit_TB_Ent 1261640776 CP CPU_Simple_8bit_TL_Ent
FL "C:/Program Files/modeltech_6.5/examples/Tamrin/CPU_Simple_8bit/CPU_Simple_8bit_TL.vhd" 2009/12/19.01:26:52 L.33
EN work/CPU_Simple_8bit_TL_Ent 1261640951 \
      FL "C:/Program Files/modeltech_6.5/examples/Tamrin/CPU_Simple_8bit/CPU_Simple_8bit_TL.vhd" \
      PB ieee/std_logic_1164 1236108447 PB ieee/STD_LOGIC_UNSIGNED 1236108449
AR work/CPU_Simple_8bit_TL_Ent/CPU_Simple_8bit_TL_Arch 1261640952 \
      FL "C:/Program Files/modeltech_6.5/examples/Tamrin/CPU_Simple_8bit/CPU_Simple_8bit_TL.vhd" \
      EN work/CPU_Simple_8bit_TL_Ent 1261640951 CP CPU_Simple_8bit_CR_Ent \
      CP CPU_Simple_8bit_DP_Ent
FL "C:/Program Files/modeltech_6.5/examples/Tamrin/CPU_Simple_8bit/Register_4bit_MD.vhd" 2009/12/16.16:54:20 L.33
EN work/Register_4bit_MD_Ent 1261640943 \
      FL "C:/Program Files/modeltech_6.5/examples/Tamrin/CPU_Simple_8bit/Register_4bit_MD.vhd" \
      PB ieee/std_logic_1164 1236108447 PB ieee/STD_LOGIC_UNSIGNED 1236108449
AR work/Register_4bit_MD_Ent/Register_4bit_MD_Arch 1261640944 \
      FL "C:/Program Files/modeltech_6.5/examples/Tamrin/CPU_Simple_8bit/Register_4bit_MD.vhd" \
      EN work/Register_4bit_MD_Ent 1261640943
FL "C:/Program Files/modeltech_6.5/examples/Tamrin/CPU_Simple_8bit/Rom_16x8bit_MD.vhd" 2009/12/24.11:17:37 L.33
EN work/Rom_16x8bit_MD_Ent 1261640945 \
      FL "C:/Program Files/modeltech_6.5/examples/Tamrin/CPU_Simple_8bit/Rom_16x8bit_MD.vhd" \
      PB ieee/std_logic_1164 1236108447 PB ieee/STD_LOGIC_UNSIGNED 1236108449
AR work/Rom_16x8bit_MD_Ent/Rom_16x8bit_MD_Arch 1261640946 \
      FL "C:/Program Files/modeltech_6.5/examples/Tamrin/CPU_Simple_8bit/Rom_16x8bit_MD.vhd" \
      EN work/Rom_16x8bit_MD_Ent 1261640945
